cargo :    Compiling cross_chain v1.2.2 (C:\Users\odeye\Desktop\My 
Projects\OpensrcIssues\Teye-Contracts\contracts\cross_chain)
At line:1 char:1
+ cargo test -p cross_chain --color never > test_errors.txt 2>&1
+ ~~~~~~~~~~~~~~~~~~~~~~~~~~~~~~~~~~~~~~~~~~~~~~~~~~~~~~~~~~~~~~
    + CategoryInfo          : NotSpecified: (   Compiling cr...ts\cross_chain):String) 
    [], RemoteException
    + FullyQualifiedErrorId : NativeCommandError
 
warning: unused import: `Vec`
 --> contracts\cross_chain\src\lib.rs:6:94
  |
6 |     contract, contractimpl, contracttype, symbol_short, Address, Bytes, Env, 
String, Symbol, Vec,
  |                                                                                    
          ^^^
  |
  = note: `#[warn(unused_imports)]` (part of `#[warn(unused)]`) on by default

warning: unused import: `CrossChainMessage`
 --> contracts\cross_chain\src\test.rs:3:59
  |
3 | use crate::{CrossChainContract, CrossChainContractClient, CrossChainMessage};
  |                                                           ^^^^^^^^^^^^^^^^^

warning: unused imports: `Bytes` and `symbol_short`
 --> contracts\cross_chain\src\test.rs:4:19
  |
4 | use soroban_sdk::{symbol_short, testutils::Address as _, Address, Bytes, Env, 
String};
  |                   ^^^^^^^^^^^^                                    ^^^^^

error[E0277]: the trait bound `(): From<soroban_sdk::Error>` is not satisfied
   --> contracts\cross_chain\src\lib.rs:26:1
    |
 26 | #[contractimpl]
    | ^^^^^^^^^^^^^^^ the trait `From<soroban_sdk::Error>` is not implemented for `()`
    |
help: the trait `From<soroban_sdk::Error>` is not implemented for `()`
      but trait `From<soroban_sdk::xdr::Error>` is implemented for it
   --> C:\Users\odeye\.cargo\registry\src\index.crates.io-1949cf8c6b5b557f\stellar-xdr-
22.1.0\src\curr\generated.rs:221:1
    |
221 | impl From<Error> for () {
    | ^^^^^^^^^^^^^^^^^^^^^^^
    = help: for that trait implementation, expected `soroban_sdk::xdr::Error`, found 
`soroban_sdk::Error`
    = note: required for `soroban_sdk::Error` to implement `Into<()>`
    = note: required for `()` to implement `TryFrom<soroban_sdk::Error>`
    = note: this error originates in the attribute macro `soroban_sdk::contractclient` 
(in Nightly builds, run with -Z macro-backtrace for more info)

error[E0277]: the trait bound `for<'a> soroban_sdk::Error: From<&'a ()>` is not 
satisfied
  --> contracts\cross_chain\src\lib.rs:26:1
   |
26 | #[contractimpl]
   | ^^^^^^^^^^^^^^^ the trait `for<'a> From<&'a ()>` is not implemented for 
`soroban_sdk::Error`
   |
   = help: the following other types implement trait `From<T>`:
             `soroban_sdk::Error` implements `From<&soroban_sdk::Error>`
             `soroban_sdk::Error` implements `From<(soroban_sdk::xdr::ScErrorType, 
soroban_sdk::xdr::ScErrorCode)>`
             `soroban_sdk::Error` implements `From<Infallible>`
             `soroban_sdk::Error` implements 
`From<soroban_env_common::symbol::SymbolError>`
             `soroban_sdk::Error` implements 
`From<soroban_env_host::builtin_contracts::contract_error::ContractError>`
             `soroban_sdk::Error` implements `From<soroban_sdk::ConversionError>`
             `soroban_sdk::Error` implements `From<soroban_sdk::xdr::Error>`
             `soroban_sdk::Error` implements `From<soroban_sdk::xdr::ScError>`
           and 4 others
   = note: required for `&'a ()` to implement `for<'a> Into<soroban_sdk::Error>`
   = note: required for `soroban_sdk::Error` to implement `for<'a> TryFrom<&'a ()>`
   = note: required for `soroban_sdk::Val` to implement `TryFromVal<Env, 
core::result::Result<(), ()>>`
   = note: required for `soroban_sdk::Val` to implement `FromVal<Env, 
core::result::Result<(), ()>>`
   = note: required for `core::result::Result<(), ()>` to implement `IntoVal<Env, 
soroban_sdk::Val>`
   = note: this error originates in the attribute macro `contractimpl` (in Nightly 
builds, run with -Z macro-backtrace for more info)

warning: use of deprecated method `soroban_sdk::Env::register_contract`: use `register`
 --> contracts\cross_chain\src\test.rs:9:27
  |
9 |     let contract_id = env.register_contract(None, CrossChainContract);
  |                           ^^^^^^^^^^^^^^^^^
  |
  = note: `#[warn(deprecated)]` on by default

warning: use of deprecated method `soroban_sdk::Env::register_contract`: use `register`
  --> contracts\cross_chain\src\test.rs:23:27
   |
23 |     let contract_id = env.register_contract(None, CrossChainContract);
   |                           ^^^^^^^^^^^^^^^^^

warning: use of deprecated method `soroban_sdk::Env::register_contract`: use `register`
  --> contracts\cross_chain\src\test.rs:44:27
   |
44 |     let contract_id = env.register_contract(None, CrossChainContract);
   |                           ^^^^^^^^^^^^^^^^^

For more information about this error, try `rustc --explain E0277`.
warning: `cross_chain` (lib test) generated 6 warnings
error: could not compile `cross_chain` (lib test) due to 8 previous errors; 6 warnings 
emitted
